// Jest Snapshot v1, https://goo.gl/fbAQLP

exports[`App complexity page 1`] = `
<body>
  <div>
    <div
      style="margin: 10px;"
    >
      <div>
        Value: 
        Not computed yet
      </div>
      <button
        type="button"
      >
        Compute
      </button>
    </div>
  </div>
  <div
    class="ReactModalPortal"
  />
</body>
`;

exports[`App default homepage 1`] = `
<body>
  <div>
    <ul
      class="exercise-list"
    >
      <li
        class="exercise-list__item"
      >
        <a
          href="/complexity"
        >
          Complexity
        </a>
      </li>
      <li
        class="exercise-list__item"
      >
        <a
          href="/form"
        >
          Form
        </a>
      </li>
      <li
        class="exercise-list__item"
      >
        <a
          href="/custom-hook"
        >
          Custom Hook
        </a>
      </li>
    </ul>
  </div>
</body>
`;

exports[`App form page 1`] = `
<body>
  <div>
    <div
      class="Form"
    >
      <div
        class="FormContainer"
      >
        <h1>
          Sign up form
        </h1>
        <form
          class="form"
        >
          <div
            class=""
          >
            <label
              for="email"
            >
              Email address *
            </label>
            <input
              id="email"
              type="email"
              value=""
            />
          </div>
          <div
            class=""
          >
            <label
              for="name"
            >
              First name *
            </label>
            <input
              id="name"
              type="text"
              value=""
            />
          </div>
          <div
            class=""
          >
            <label
              for="surname"
            >
              Last name *
            </label>
            <input
              id="surname"
              value=""
            />
          </div>
          <div
            class=""
          >
            <label
              for="starsign"
            >
              Star sign
            </label>
            <input
              id="starsign"
              value=""
            />
          </div>
          <input
            class="clear"
            type="reset"
            value="Clear"
          />
          <input
            class="submit"
            type="submit"
            value="Submit"
          />
        </form>
      </div>
    </div>
  </div>
</body>
`;
